
Welcome to MineCraft MazeRunner!
--------------------------------

------------- MAIN MENU -------------
1) Generate Maze
2) Build Maze in MineCraft
3) Solve Maze
4) Enhancements Menu
5) Show Team Information
6) Exit

Enter Menu item to continue: 
Error: Maze not initialized. Please generate the maze first.

------------- MAIN MENU -------------
1) Generate Maze
2) Build Maze in MineCraft
3) Solve Maze
4) Enhancements Menu
5) Show Team Information
6) Exit

Enter Menu item to continue: 
Error: Maze not initialized. Please generate the maze first.

------------- MAIN MENU -------------
1) Generate Maze
2) Build Maze in MineCraft
3) Solve Maze
4) Enhancements Menu
5) Show Team Information
6) Exit

Enter Menu item to continue: 
The End!

