
Welcome to MineCraft MazeRunner!
--------------------------------

------------- MAIN MENU -------------
1) Generate Maze
2) Build Maze in MineCraft
3) Solve Maze
4) Enhancements Menu
5) Show Team Information
6) Exit

Enter Menu item to continue: 

------------- GENERATE MAZE -------------
1) Read Maze from terminal
2) Generate Random Maze
3) Back

Enter Menu item to continue: 
Enter the basePoint of the maze:
Input Error: Please enter a y-coordinate exactly one unit above the ground.
Enter the length and width of the maze:
Maze generated successfully
**Printing Maze**
BasePoint: (4024, 65, 4226)
Structure:
xxxxx
....x
xxx.x
x...x
xxxxx
**End Printing Maze**

------------- MAIN MENU -------------
1) Generate Maze
2) Build Maze in MineCraft
3) Solve Maze
4) Enhancements Menu
5) Show Team Information
6) Exit

Enter Menu item to continue: 
Input Error: Enter a number between 1 and 6.
Input Error: Enter a number between 1 and 6.
Input Error: Enter a number between 1 and 6.
Input Error: Enter a number between 1 and 6.
Input Error: Enter a number between 1 and 6.
The End!

