
Welcome to MineCraft MazeRunner!
--------------------------------

------------- MAIN MENU -------------
1) Generate Maze
2) Build Maze in MineCraft
3) Solve Maze
4) Enhancements Menu
5) Show Team Information
6) Exit

Enter Menu item to continue: 

------------- GENERATE MAZE -------------
1) Read Maze from terminal
2) Generate Random Maze
3) Back

Enter Menu item to continue: 
Enter the basePoint of the maze:
Enter the length and width of the maze:
Maze generated successfully
**Printing Maze**
BasePoint: (3965, 65, 4205)
Structure:
xxxxxxx
......x
xxxxxxx
**End Printing Maze**

------------- MAIN MENU -------------
1) Generate Maze
2) Build Maze in MineCraft
3) Solve Maze
4) Enhancements Menu
5) Show Team Information
6) Exit

Enter Menu item to continue: 

------------- MAIN MENU -------------
1) Generate Maze
2) Build Maze in MineCraft
3) Solve Maze
4) Enhancements Menu
5) Show Team Information
6) Exit

Enter Menu item to continue: 

------------- GENERATE MAZE -------------
1) Read Maze from terminal
2) Generate Random Maze
3) Back

Enter Menu item to continue: 
Enter the basePoint of the maze:
Enter the length and width of the maze:
Enter the maze structure:
Maze read successfully
**Printing Maze**
BasePoint: (3961, 65, 4198)
Structure:
xxxxxxxxx
........x
xxxxxxx.x
x.......x
xxxxxxxxx
**End Printing Maze**

------------- MAIN MENU -------------
1) Generate Maze
2) Build Maze in MineCraft
3) Solve Maze
4) Enhancements Menu
5) Show Team Information
6) Exit

Enter Menu item to continue: 

------------- MAIN MENU -------------
1) Generate Maze
2) Build Maze in MineCraft
3) Solve Maze
4) Enhancements Menu
5) Show Team Information
6) Exit

Enter Menu item to continue: 
The End!

