
Welcome to MineCraft MazeRunner!
--------------------------------

------------- MAIN MENU -------------
1) Generate Maze
2) Build Maze in MineCraft
3) Solve Maze
4) Enhancements Menu
5) Show Team Information
6) Exit

Enter Menu item to continue: 

Team members:
	 [1] Shreyas Shah (s4005805@student.rmit.edu.au)
	 [2] Harrison Orosz (s4007645@student.rmit.edu.au)
	 [3] Leo Park (s4007934@student.rmit.edu.au)
	 [4] Daniel Lienert (s4007921@student.rmit.edu.au)


------------- MAIN MENU -------------
1) Generate Maze
2) Build Maze in MineCraft
3) Solve Maze
4) Enhancements Menu
5) Show Team Information
6) Exit

Enter Menu item to continue: 
The End!

